---
source: src/controllers/auth.rs
expression: app.emails_snapshot().await
---
To: foo@example.com
From: learn.framer.university <noreply@learn.framer.university>
Subject: Activation link for Framer University
Content-Type: text/plain; charset=utf-8
Content-Transfer-Encoding: quoted-printable

Hey there! Welcome to Framer University.
Please click the link below to sign in: https://learn.framer.university/api/continue/[token]
